$ next build
▲ Next.js 16.3.4 (Turbopack)
✓ Running next.config.ts took 16ms

  Creating an optimized production build ...

-----
[1m[31mFATAL[39m[0m: An unexpected Turbopack error occurred. A panic log has been written to /tmp/next-panic-69b8d8e97973af8ab6847a444e4ae7bd.log.

To help make Turbopack better, report this error by ]8;;https://bugs.nextjs.org/search?category=turbopack-error-report&title=Turbopack%20Error%3A%20Failed%20to%20write%20app%20endpoint%20%2Fpage&body=Turbopack%20version%3A%20%60299180d3%60%0ANext.js%20version%3A%20%600.0.0%60%0A%0AError%20message%3A%0A%60%60%60%0AFailed%20to%20write%20app%20endpoint%20%2Fpage%0A%0ACaused%20by%3A%0A-%20%5Bproject%5D%2Fapp%2Fglobals.css%20%5Bapp-client%5D%20%28css%29%0A-%20reading%20dir%20%22%2Fhome%2Falirg%2FDesktop%2Freserve-app%2Freserve-app%2F.sentry-native%22%0A-%20Permission%20denied%20%28os%20error%2013%29%0A%0ADebug%20info%3A%0A-%20Execution%20of%20get_all_written_entrypoints_with_issues_operation%20failed%0A-%20Execution%20of%20EntrypointsOperation%3A%3Anew%20failed%0A-%20Execution%20of%20all_entrypoints_write_to_disk_operation%20failed%0A-%20Execution%20of%20output_assets_operation%20failed%0A-%20Execution%20of%20%3CAppEndpoint%20as%20Endpoint%3E%3A%3Aoutput%20failed%0A-%20Failed%20to%20write%20app%20endpoint%20%2Fpage%0A-%20Execution%20of%20AppEndpoint%3A%3Aoutput%20failed%0A-%20Execution%20of%20whole_app_module_graph_operation%20failed%0A-%20Execution%20of%20%2AProject%3A%3Aget_all_additional_entries%20failed%0A-%20Execution%20of%20ModuleGraph%3A%3Afrom_graphs%20failed%0A-%20Execution%20of%20ModuleGraph%3A%3Afrom_graphs_inner%20failed%0A-%20Execution%20of%20SingleModuleGraph%3A%3Anew_with_entries%20failed%0A-%20%5Bproject%5D%2Fapp%2Fglobals.css%20%5Bapp-client%5D%20%28css%29%0A-%20Execution%20of%20primary_chunkable_referenced_modules%20failed%0A-%20Execution%20of%20%3CCssModule%20as%20Module%3E%3A%3Areferences%20failed%0A-%20Execution%20of%20parse_css%20failed%0A-%20Execution%20of%20%3CPostCssTransformedAsset%20as%20Asset%3E%3A%3Acontent%20failed%0A-%20Execution%20of%20PostCssTransformedAsset%3A%3Aprocess%20failed%0A-%20Execution%20of%20evaluate_webpack_loader%20failed%0A-%20Execution%20of%20track_glob%20failed%0A-%20Execution%20of%20read_dir%20failed%0A-%20Execution%20of%20%3CDiskFileSystem%20as%20FileSystem%3E%3A%3Araw_read_dir%20failed%0A-%20reading%20dir%20%22%2Fhome%2Falirg%2FDesktop%2Freserve-app%2Freserve-app%2F.sentry-native%22%0A-%20Permission%20denied%20%28os%20error%2013%29%0A%60%60%60&labels=Turbopack,Turbopack%20Panic%20Backtrace\clicking here.]8;;\
-----


> Build error occurred
Error [TurbopackInternalError]: Failed to write app endpoint /page

Caused by:
- [project]/app/globals.css [app-client] (css)
- reading dir "/home/alirg/Desktop/reserve-app/reserve-app/.sentry-native"
- Permission denied (os error 13)

Debug info:
- Execution of get_all_written_entrypoints_with_issues_operation failed
- Execution of EntrypointsOperation::new failed
- Execution of all_entrypoints_write_to_disk_operation failed
- Execution of output_assets_operation failed
- Execution of <AppEndpoint as Endpoint>::output failed
- Failed to write app endpoint /page
- Execution of AppEndpoint::output failed
- Execution of whole_app_module_graph_operation failed
- Execution of *Project::get_all_additional_entries failed
- Execution of ModuleGraph::from_graphs failed
- Execution of ModuleGraph::from_graphs_inner failed
- Execution of SingleModuleGraph::new_with_entries failed
- [project]/app/globals.css [app-client] (css)
- Execution of primary_chunkable_referenced_modules failed
- Execution of <CssModule as Module>::references failed
- Execution of parse_css failed
- Execution of <PostCssTransformedAsset as Asset>::content failed
- Execution of PostCssTransformedAsset::process failed
- Execution of evaluate_webpack_loader failed
- Execution of track_glob failed
- Execution of read_dir failed
- Execution of <DiskFileSystem as FileSystem>::raw_read_dir failed
- reading dir "/home/alirg/Desktop/reserve-app/reserve-app/.sentry-native"
- Permission denied (os error 13)
    at <unknown> (TurbopackInternalError: Failed to write app endpoint /page) {
  type: 'TurbopackInternalError',
  location: undefined
}
error: script "build" exited with code 1
